2026-04-06 01:01:47,039 INFO pkpd.run: simulation_started
2026-04-06 01:01:47,040 ERROR pkpd.run: simulation_failed
Traceback (most recent call last):
  File "C:\Users\HP3168\Documents\GitHub\PKPD-model-for-XC7\src\api.py", line 174, in simulate
    simulation_result = run_simulation(cfg)
  File "C:\Users\HP3168\Documents\GitHub\PKPD-model-for-XC7\src\api.py", line 81, in run_simulation
    model_params = build_model_params(cfg)
  File "C:\Users\HP3168\Documents\GitHub\PKPD-model-for-XC7\src\models\receptor_trafficking.py", line 81, in build_model_params
    raise ValueError(
    ...<2 lines>...
    )
ValueError: Unsupported scenario_assumptions for receptor model: ['dermal_absorption_multiplier']. Supported keys: ['clip_state_explicit']
2026-04-06 01:04:55,993 INFO pkpd.run: simulation_started
2026-04-06 01:04:56,101 INFO pkpd.run: simulation_completed
2026-04-06 01:48:22,803 INFO pkpd.run: simulation_started
2026-04-06 01:48:22,854 ERROR pkpd.run: simulation_failed
Traceback (most recent call last):
  File "C:\Users\HP3168\Documents\GitHub\PKPD-model-for-XC7\src\api.py", line 203, in simulate
    artifacts = persist_run(simulation_result, run_dir)
  File "C:\Users\HP3168\Documents\GitHub\PKPD-model-for-XC7\src\api.py", line 150, in persist_run
    dataframe_to_csv_atomic(result.timeseries, simulation_csv, index=False)
    ~~~~~~~~~~~~~~~~~~~~~~~^^^^^^^^^^^^^^^^^^^^^^^^^^^^^^^^^^^^^^^^^^^^^^^^
  File "C:\Users\HP3168\Documents\GitHub\PKPD-model-for-XC7\src\utils\atomic_io.py", line 32, in dataframe_to_csv_atomic
    os.replace(tmp, target)
    ~~~~~~~~~~^^^^^^^^^^^^^
PermissionError: [WinError 5] Access is denied: 'runs\\capsaicin_quickstart\\simulation.csv.tmp' -> 'runs\\capsaicin_quickstart\\simulation.csv'
2026-04-06 01:48:54,462 INFO pkpd.run: simulation_started
2026-04-06 01:48:54,713 INFO pkpd.run: simulation_completed
2026-04-06 02:00:46,421 INFO pkpd.run: simulation_started
2026-04-06 02:00:46,823 INFO pkpd.run: simulation_completed
2026-04-06 02:29:46,355 INFO pkpd.run: simulation_started
2026-04-06 02:29:46,436 ERROR pkpd.run: simulation_failed
Traceback (most recent call last):
  File "C:\Users\HP3168\Documents\GitHub\PKPD-model-for-XC7\src\api.py", line 205, in simulate
    artifacts = persist_run(simulation_result, run_dir)
  File "C:\Users\HP3168\Documents\GitHub\PKPD-model-for-XC7\src\api.py", line 152, in persist_run
    dataframe_to_csv_atomic(result.timeseries, simulation_csv, index=False)
    ~~~~~~~~~~~~~~~~~~~~~~~^^^^^^^^^^^^^^^^^^^^^^^^^^^^^^^^^^^^^^^^^^^^^^^^
  File "C:\Users\HP3168\Documents\GitHub\PKPD-model-for-XC7\src\utils\atomic_io.py", line 32, in dataframe_to_csv_atomic
    os.replace(tmp, target)
    ~~~~~~~~~~^^^^^^^^^^^^^
PermissionError: [WinError 5] Access is denied: 'runs\\capsaicin_quickstart\\simulation.csv.tmp' -> 'runs\\capsaicin_quickstart\\simulation.csv'
2026-04-06 02:30:06,138 INFO pkpd.run: simulation_started
2026-04-06 02:30:06,302 INFO pkpd.run: simulation_completed
